[live.themewild.com/visapos/index.html]
[backblue.gif]
[fade.gif]
[index.html]
[live.themewild.com/visapos/assets/img/logo/favicon.png]
[live.themewild.com/visapos/assets/css/bootstrap.min.css]
[live.themewild.com/visapos/assets/css/all-fontawesome.min.css]
[live.themewild.com/visapos/assets/css/flaticon.css]
[live.themewild.com/visapos/assets/css/animate.min.css]
[live.themewild.com/visapos/assets/css/magnific-popup.min.css]
[live.themewild.com/visapos/assets/css/owl.carousel.min.css]
[live.themewild.com/visapos/assets/css/style.css]
[live.themewild.com/visapos/assets/img/logo/logo.png]
[live.themewild.com/visapos/index-2.html]
[live.themewild.com/visapos/index-3.html]
[live.themewild.com/visapos/coaching.html]
[live.themewild.com/visapos/ielts-coaching.html]
[live.themewild.com/visapos/toefl.html]
[live.themewild.com/visapos/pte-coaching.html]
[live.themewild.com/visapos/graduate-re-exam.html]
[live.themewild.com/visapos/management-test.html]
[live.themewild.com/visapos/scholastic-apti.html]
[live.themewild.com/visapos/visa.html]
[live.themewild.com/visapos/business-visa.html]
[live.themewild.com/visapos/student-visa.html]
[live.themewild.com/visapos/job-seeker-visa.html]
[live.themewild.com/visapos/tourist-visa.html]
[live.themewild.com/visapos/family-visa.html]
[live.themewild.com/visapos/transit-visa.html]
[live.themewild.com/visapos/migrate-visa.html]
[live.themewild.com/visapos/consular-closings.html]
[live.themewild.com/visapos/diplomatic-visa.html]
[live.themewild.com/visapos/country.html]
[live.themewild.com/visapos/australia.html]
[live.themewild.com/visapos/united-states.html]
[live.themewild.com/visapos/united-kingdom.html]
[live.themewild.com/visapos/canada.html]
[live.themewild.com/visapos/singapore.html]
[live.themewild.com/visapos/new-zealand.html]
[live.themewild.com/visapos/about.html]
[live.themewild.com/visapos/team.html]
[live.themewild.com/visapos/service.html]
[live.themewild.com/visapos/service-single.html]
[live.themewild.com/visapos/faq.html]
[live.themewild.com/visapos/login.html]
[live.themewild.com/visapos/register.html]
[live.themewild.com/visapos/forgot-password.html]
[live.themewild.com/visapos/404.html]
[live.themewild.com/visapos/coming-soon.html]
[live.themewild.com/visapos/terms.html]
[live.themewild.com/visapos/privacy.html]
[live.themewild.com/visapos/blog.html]
[live.themewild.com/visapos/blog-single.html]
[live.themewild.com/visapos/contact.html]
[live.themewild.com/visapos/assets/img/slider/slider-1.jpg]
[live.themewild.com/visapos/assets/img/slider/slider-2.jpg]
[live.themewild.com/visapos/assets/img/slider/slider-3.jpg]
[live.themewild.com/visapos/assets/img/about/01.jpg]
[live.themewild.com/visapos/assets/img/about/shape.svg]
[live.themewild.com/visapos/assets/img/service/01.jpg]
[live.themewild.com/visapos/assets/img/service/02.jpg]
[live.themewild.com/visapos/assets/img/service/03.jpg]
[live.themewild.com/visapos/assets/img/service/04.jpg]
[live.themewild.com/visapos/assets/img/service/05.jpg]
[live.themewild.com/visapos/assets/img/service/06.jpg]
[live.themewild.com/visapos/assets/img/skill/01.jpg]
[live.themewild.com/visapos/assets/img/coaching/01.jpg]
[live.themewild.com/visapos/assets/img/coaching/02.jpg]
[live.themewild.com/visapos/assets/img/coaching/03.jpg]
[live.themewild.com/visapos/assets/img/coaching/04.jpg]
[live.themewild.com/visapos/assets/img/coaching/05.jpg]
[live.themewild.com/visapos/assets/img/coaching/06.jpg]
[live.themewild.com/visapos/assets/img/testimonial/01.jpg]
[live.themewild.com/visapos/assets/img/testimonial/02.jpg]
[live.themewild.com/visapos/assets/img/testimonial/03.jpg]
[live.themewild.com/visapos/assets/img/testimonial/04.jpg]
[live.themewild.com/visapos/assets/img/country/01.jpg]
[live.themewild.com/visapos/assets/img/country/usa.jpg]
[live.themewild.com/visapos/assets/img/country/02.jpg]
[live.themewild.com/visapos/assets/img/country/australia.jpg]
[live.themewild.com/visapos/assets/img/country/03.jpg]
[live.themewild.com/visapos/assets/img/country/uk.jpg]
[live.themewild.com/visapos/assets/img/country/04.jpg]
[live.themewild.com/visapos/assets/img/country/canada.jpg]
[live.themewild.com/visapos/assets/img/country/05.jpg]
[live.themewild.com/visapos/assets/img/country/singapore.jpg]
[live.themewild.com/visapos/assets/img/country/06.jpg]
[live.themewild.com/visapos/assets/img/country/newzealand.jpg]
[live.themewild.com/visapos/assets/img/team/01.jpg]
[live.themewild.com/visapos/assets/img/team/02.jpg]
[live.themewild.com/visapos/assets/img/team/03.jpg]
[live.themewild.com/visapos/assets/img/team/04.jpg]
[live.themewild.com/visapos/assets/img/blog/01.jpg]
[live.themewild.com/visapos/assets/img/blog/02.jpg]
[live.themewild.com/visapos/assets/img/blog/03.jpg]
[live.themewild.com/visapos/assets/img/partner/01.jpg]
[live.themewild.com/visapos/assets/img/partner/02.jpg]
[live.themewild.com/visapos/assets/img/partner/03.jpg]
[live.themewild.com/visapos/assets/img/partner/04.jpg]
[live.themewild.com/visapos/assets/img/logo/logo-light.png]
[live.themewild.com/cdn-cgi/scripts/5c5dd728/cloudflare-static/email-decode.min.js]
[live.themewild.com/visapos/assets/js/jquery-3.6.0.min.js]
[live.themewild.com/visapos/assets/js/modernizr.min.js]
[live.themewild.com/visapos/assets/js/bootstrap.bundle.min.js]
[live.themewild.com/visapos/assets/js/imagesloaded.pkgd.min.js]
[live.themewild.com/visapos/assets/js/jquery.magnific-popup.min.js]
[live.themewild.com/visapos/assets/js/isotope.pkgd.min.js]
[live.themewild.com/visapos/assets/js/jquery.appear.min.js]
[live.themewild.com/visapos/assets/js/jquery.easing.min.js]
[live.themewild.com/visapos/assets/js/owl.carousel.min.js]
[live.themewild.com/visapos/assets/js/counter-up.js]
[live.themewild.com/visapos/assets/js/wow.min.js]
[live.themewild.com/visapos/index.html]
[live.themewild.com/visapos/assets/css/bootstrap.min.css]
[live.themewild.com/visapos/assets/js/main.js]
[live.themewild.com/visapos/assets/fonts/fa-brands-400.eot]
[live.themewild.com/visapos/assets/fonts/fa-brands-400.woff2]
[live.themewild.com/visapos/assets/fonts/fa-brands-400d41d.eot]
[live.themewild.com/visapos/assets/fonts/fa-brands-400.woff]
[live.themewild.com/visapos/assets/fonts/fa-brands-400.ttf]
[live.themewild.com/visapos/assets/fonts/fa-brands-400.svg]
[live.themewild.com/visapos/assets/fonts/fa-duotone-900d41d.eot]
[live.themewild.com/visapos/assets/fonts/fa-duotone-900.eot]
[live.themewild.com/visapos/assets/fonts/fa-duotone-900.woff2]
[live.themewild.com/visapos/assets/fonts/fa-duotone-900.woff]
[live.themewild.com/visapos/assets/fonts/fa-duotone-900.ttf]
[live.themewild.com/visapos/assets/fonts/fa-light-300.eot]
[live.themewild.com/visapos/assets/fonts/fa-duotone-900.svg]
[live.themewild.com/visapos/assets/fonts/fa-light-300.woff2]
[live.themewild.com/visapos/assets/fonts/fa-light-300d41d.eot]
[live.themewild.com/visapos/assets/fonts/fa-light-300.woff]
[live.themewild.com/visapos/assets/fonts/fa-light-300.ttf]
[live.themewild.com/visapos/assets/fonts/fa-regular-400.eot]
[live.themewild.com/visapos/assets/fonts/fa-light-300.svg]
[live.themewild.com/visapos/assets/fonts/fa-regular-400d41d.eot]
[live.themewild.com/visapos/assets/fonts/fa-regular-400.woff2]
[live.themewild.com/visapos/assets/fonts/fa-regular-400.woff]
[live.themewild.com/visapos/assets/fonts/fa-regular-400.ttf]
[live.themewild.com/visapos/assets/fonts/fa-regular-400.svg]
[live.themewild.com/visapos/assets/fonts/fa-solid-900.eot]
[live.themewild.com/visapos/assets/fonts/fa-solid-900d41d.eot]
[live.themewild.com/visapos/assets/fonts/fa-solid-900.woff2]
[live.themewild.com/visapos/assets/fonts/fa-solid-900.woff]
[live.themewild.com/visapos/assets/fonts/fa-solid-900.ttf]
[live.themewild.com/visapos/assets/css/all-fontawesome.min.css]
[live.themewild.com/visapos/assets/fonts/fa-solid-900.svg]
[live.themewild.com/visapos/assets/fonts/flaticon.eot]
[live.themewild.com/visapos/assets/fonts/flaticond41d.eot]
[live.themewild.com/visapos/assets/fonts/flaticon.woff]
[live.themewild.com/visapos/assets/fonts/flaticon.ttf]
[live.themewild.com/visapos/assets/css/flaticon.css]
[live.themewild.com/visapos/assets/css/animate.min.css]
[live.themewild.com/visapos/assets/css/magnific-popup.min.css]
[live.themewild.com/visapos/assets/fonts/flaticon.svg]
[live.themewild.com/visapos/assets/css/owl.video.play.png]
[live.themewild.com/visapos/assets/css/owl.carousel.min.css]
[live.themewild.com/visapos/assets/img/choose/01.jpg]
[live.themewild.com/visapos/assets/img/testimonial/map.png]
[live.themewild.com/visapos/assets/img/counter/01.jpg]
[live.themewild.com/visapos/assets/img/quote/01.jpg]
[live.themewild.com/visapos/assets/img/shape/01.png]
[live.themewild.com/visapos/assets/css/style.css]
[live.themewild.com/visapos/index-2.html]
[live.themewild.com/visapos/index-3.html]
[live.themewild.com/visapos/assets/img/breadcrumb/breadcrumb.jpg]
[live.themewild.com/visapos/coaching.html]
[live.themewild.com/visapos/assets/img/coaching/single-1.jpg]
[live.themewild.com/visapos/ielts-coaching.html]
[live.themewild.com/visapos/assets/img/coaching/single-2.jpg]
[live.themewild.com/visapos/toefl.html]
[live.themewild.com/visapos/assets/img/coaching/single-3.jpg]
[live.themewild.com/visapos/pte-coaching.html]
[live.themewild.com/visapos/assets/img/coaching/single-4.jpg]
[live.themewild.com/visapos/graduate-re-exam.html]
[live.themewild.com/visapos/management-test.html]
[live.themewild.com/visapos/assets/img/coaching/single-6.jpg]
[live.themewild.com/visapos/scholastic-apti.html]
[live.themewild.com/visapos/visa.html]
[live.themewild.com/visapos/assets/img/service/single.jpg]
[live.themewild.com/visapos/business-visa.html]
[live.themewild.com/visapos/assets/img/service/single-2.jpg]
[live.themewild.com/visapos/student-visa.html]
[live.themewild.com/visapos/assets/img/service/single-3.jpg]
[live.themewild.com/visapos/job-seeker-visa.html]
[live.themewild.com/visapos/assets/img/service/single-4.jpg]
[live.themewild.com/visapos/tourist-visa.html]
[live.themewild.com/visapos/assets/img/service/single-5.jpg]
[live.themewild.com/visapos/family-visa.html]
[live.themewild.com/visapos/assets/img/service/single-6.jpg]
[live.themewild.com/visapos/transit-visa.html]
[live.themewild.com/visapos/assets/img/service/single-7.jpg]
[live.themewild.com/visapos/migrate-visa.html]
[live.themewild.com/visapos/assets/img/service/single-8.jpg]
[live.themewild.com/visapos/consular-closings.html]
[live.themewild.com/visapos/diplomatic-visa.html]
[live.themewild.com/visapos/country.html]
[live.themewild.com/visapos/assets/img/country/single-1.jpg]
[live.themewild.com/visapos/australia.html]
[live.themewild.com/visapos/assets/img/country/single-2.jpg]
[live.themewild.com/visapos/united-states.html]
[live.themewild.com/visapos/assets/img/country/single-3.jpg]
[live.themewild.com/visapos/united-kingdom.html]
[live.themewild.com/visapos/assets/img/country/single-4.jpg]
[live.themewild.com/visapos/canada.html]
[live.themewild.com/visapos/assets/img/country/single-5.jpg]
[live.themewild.com/visapos/singapore.html]
[live.themewild.com/visapos/assets/img/country/single-6.jpg]
[live.themewild.com/visapos/new-zealand.html]
[live.themewild.com/visapos/about.html]
[live.themewild.com/visapos/team.html]
[live.themewild.com/visapos/service.html]
[live.themewild.com/visapos/service-single.html]
[live.themewild.com/visapos/faq.html]
[live.themewild.com/visapos/login.html]
[live.themewild.com/visapos/register.html]
[live.themewild.com/visapos/forgot-password.html]
[live.themewild.com/visapos/404.html]
[live.themewild.com/visapos/assets/img/coming-soon/coming-soon.jpg]
[live.themewild.com/visapos/coming-soon.html]
[live.themewild.com/visapos/terms.html]
[live.themewild.com/visapos/privacy.html]
[live.themewild.com/visapos/blog.html]
[live.themewild.com/visapos/assets/js/countdown.min.js]
[live.themewild.com/visapos/assets/img/blog/single.jpg]
[live.themewild.com/visapos/assets/img/blog/com-1.jpg]
[live.themewild.com/visapos/assets/img/blog/com-2.jpg]
[live.themewild.com/visapos/assets/img/blog/com-3.jpg]
[live.themewild.com/visapos/assets/img/blog/bs-1.jpg]
[live.themewild.com/visapos/assets/img/blog/bs-2.jpg]
[live.themewild.com/visapos/assets/img/blog/bs-3.jpg]
[live.themewild.com/visapos/blog-single.html]
[live.themewild.com/visapos/contact.html]
[live.themewild.com/visapos/assets/img/about/shape.svg]
[live.themewild.com/visapos/assets/js/contact-form.js]
[live.themewild.com/visapos/assets/fonts/fa-brands-400.svg]
[live.themewild.com/visapos/assets/fonts/fa-duotone-900.svg]
[live.themewild.com/visapos/assets/fonts/fa-light-300.svg]
[live.themewild.com/visapos/assets/fonts/fa-regular-400.svg]
[live.themewild.com/visapos/assets/fonts/fa-solid-900.svg]
[live.themewild.com/visapos/assets/fonts/flaticon.svg]
[live.themewild.com/visapos/assets/css/owl.video.play.html]
